openocd.exe : Open On-Chip Debugger 0.11.0+dev (2026-06-24-19:09)
At line:15 char:1415
+ ... wchdriver'; & "$ocd\bin\openocd.exe" -s "$ocd\scripts" -f d:\test\git ...
+                 ~~~~~~~~~~~~~~~~~~~~~~~~~~~~~~~~~~~~~~~~~~~~~~~~~~~~~~~~~
    + CategoryInfo          : NotSpecified: (Open On-Chip De...26-06-24-19:09):String) [], RemoteException
    + FullyQualifiedErrorId : NativeCommandError
 
Licensed under GNU GPL v2
For bug reports, read
	http://openocd.org/doc/doxygen/bugs.html
Info : only one transport option; autoselect 'sdi'
Warn : Transport "sdi" was already selected
Info : WCH-LinkE  mode:RV version 2.22 
Info : wlink_init ok
Info : clock speed 6000 kHz
Info : [wch_riscv.cpu.0] datacount=2 progbufsize=8
Info : [wch_riscv.cpu.0] Examined RISC-V core; found 1 harts
Info : [wch_riscv.cpu.0]  XLEN=32, misa=0x40800014
[wch_riscv.cpu.0] Target successfully examined.
Info : starting gdb server for wch_riscv.cpu.0 on 3333
Info : Listening on port 3333 for gdb connections
RESULT APB2PCENR=0x0x20 CFGLR=0x0x44414444
RESULT OUTDR1=0x0x10 OUTDR2=0x0x10 PC2=pc (/32): 0x00000262

RESULT SysTickCNT=0x0xf09a9315 Vec0=0x0xf40006f Vec1=0x0x0
shutdown command invoked
