Archive member included to satisfy reference by file (symbol)

..\ch32fun\misc\libgcc.a(muldi3.o)
                              C:\Users\ADMINI~1\AppData\Local\Temp\ccZYLbGs.o (__mulsi3)
..\ch32fun\misc\libgcc.a(div.o)
                              C:\Users\ADMINI~1\AppData\Local\Temp\ccZYLbGs.o (__udivsi3)

Discarded input sections

 .text          0x00000000        0x0 C:\Users\ADMINI~1\AppData\Local\Temp\ccZYLbGs.o
 .data          0x00000000        0x0 C:\Users\ADMINI~1\AppData\Local\Temp\ccZYLbGs.o
 .bss           0x00000000        0x0 C:\Users\ADMINI~1\AppData\Local\Temp\ccZYLbGs.o
 .text.memset   0x00000000       0x12 C:\Users\ADMINI~1\AppData\Local\Temp\ccZYLbGs.o
 .text.strcpy   0x00000000       0x14 C:\Users\ADMINI~1\AppData\Local\Temp\ccZYLbGs.o
 .text.strncpy  0x00000000       0x1c C:\Users\ADMINI~1\AppData\Local\Temp\ccZYLbGs.o
 .text.strcmp   0x00000000       0x1a C:\Users\ADMINI~1\AppData\Local\Temp\ccZYLbGs.o
 .text.strncmp  0x00000000       0x3c C:\Users\ADMINI~1\AppData\Local\Temp\ccZYLbGs.o
 .text.strchr   0x00000000       0x16 C:\Users\ADMINI~1\AppData\Local\Temp\ccZYLbGs.o
 .text.__memrchr
                0x00000000       0x20 C:\Users\ADMINI~1\AppData\Local\Temp\ccZYLbGs.o
 .text.strrchr  0x00000000       0x28 C:\Users\ADMINI~1\AppData\Local\Temp\ccZYLbGs.o
 .text.memcpy   0x00000000       0x1c C:\Users\ADMINI~1\AppData\Local\Temp\ccZYLbGs.o
 .text.memcmp   0x00000000       0x20 C:\Users\ADMINI~1\AppData\Local\Temp\ccZYLbGs.o
 .text.memmove  0x00000000       0x5e C:\Users\ADMINI~1\AppData\Local\Temp\ccZYLbGs.o
 .text.memchr   0x00000000       0x1a C:\Users\ADMINI~1\AppData\Local\Temp\ccZYLbGs.o
 .text.strnlen  0x00000000       0x28 C:\Users\ADMINI~1\AppData\Local\Temp\ccZYLbGs.o
 .text.twoway_strstr
                0x00000000      0x22e C:\Users\ADMINI~1\AppData\Local\Temp\ccZYLbGs.o
 .text.strstr   0x00000000      0x11c C:\Users\ADMINI~1\AppData\Local\Temp\ccZYLbGs.o
 .text.mini_itoa
                0x00000000       0x12 C:\Users\ADMINI~1\AppData\Local\Temp\ccZYLbGs.o
 .text.vprintf  0x00000000       0x16 C:\Users\ADMINI~1\AppData\Local\Temp\ccZYLbGs.o
 .text.mini_vsnprintf
                0x00000000       0x3a C:\Users\ADMINI~1\AppData\Local\Temp\ccZYLbGs.o
 .text.snprintf
                0x00000000       0x1c C:\Users\ADMINI~1\AppData\Local\Temp\ccZYLbGs.o
 .text.sprintf  0x00000000       0x26 C:\Users\ADMINI~1\AppData\Local\Temp\ccZYLbGs.o
 .text.mini_snprintf
                0x00000000       0x1c C:\Users\ADMINI~1\AppData\Local\Temp\ccZYLbGs.o
 .text.mini_pprintf
                0x00000000       0x1c C:\Users\ADMINI~1\AppData\Local\Temp\ccZYLbGs.o
 .text.setjmp   0x00000000       0x10 C:\Users\ADMINI~1\AppData\Local\Temp\ccZYLbGs.o
 .text.longjmp  0x00000000       0x14 C:\Users\ADMINI~1\AppData\Local\Temp\ccZYLbGs.o
 .text.poll_input
                0x00000000       0x2c C:\Users\ADMINI~1\AppData\Local\Temp\ccZYLbGs.o
 .text.putchar  0x00000000       0x76 C:\Users\ADMINI~1\AppData\Local\Temp\ccZYLbGs.o
 .text.CallConstructors
                0x00000000       0x2a C:\Users\ADMINI~1\AppData\Local\Temp\ccZYLbGs.o
 .text.WaitForDebuggerToAttach
                0x00000000       0x48 C:\Users\ADMINI~1\AppData\Local\Temp\ccZYLbGs.o
 .text.funSysTick64
                0x00000000       0x2a C:\Users\ADMINI~1\AppData\Local\Temp\ccZYLbGs.o
 .text.funAnalogInit
                0x00000000       0x68 C:\Users\ADMINI~1\AppData\Local\Temp\ccZYLbGs.o
 .text.funAnalogRead
                0x00000000       0x1e C:\Users\ADMINI~1\AppData\Local\Temp\ccZYLbGs.o
 .text.funRebootToBootloader
                0x00000000       0x38 C:\Users\ADMINI~1\AppData\Local\Temp\ccZYLbGs.o
 .sbss.high.1   0x00000000        0x4 C:\Users\ADMINI~1\AppData\Local\Temp\ccZYLbGs.o
 .sbss.lastBase.0
                0x00000000        0x4 C:\Users\ADMINI~1\AppData\Local\Temp\ccZYLbGs.o
 .sbss.errno    0x00000000        0x4 C:\Users\ADMINI~1\AppData\Local\Temp\ccZYLbGs.o
 .rodata.ADCPrescTable
                0x00000000       0x14 C:\Users\ADMINI~1\AppData\Local\Temp\ccZYLbGs.o
 .rodata.APBAHBPrescTable
                0x00000000       0x10 C:\Users\ADMINI~1\AppData\Local\Temp\ccZYLbGs.o
 .comment       0x00000000       0x34 C:\Users\ADMINI~1\AppData\Local\Temp\ccZYLbGs.o
 .note.GNU-stack
                0x00000000        0x0 C:\Users\ADMINI~1\AppData\Local\Temp\ccZYLbGs.o
 .text          0x00000000        0x0 C:\Users\ADMINI~1\AppData\Local\Temp\ccQs7VzC.o
 .data          0x00000000        0x0 C:\Users\ADMINI~1\AppData\Local\Temp\ccQs7VzC.o
 .bss           0x00000000        0x0 C:\Users\ADMINI~1\AppData\Local\Temp\ccQs7VzC.o
 .rodata.ADCPrescTable
                0x00000000       0x14 C:\Users\ADMINI~1\AppData\Local\Temp\ccQs7VzC.o
 .rodata.APBAHBPrescTable
                0x00000000       0x10 C:\Users\ADMINI~1\AppData\Local\Temp\ccQs7VzC.o
 .comment       0x00000000       0x34 C:\Users\ADMINI~1\AppData\Local\Temp\ccQs7VzC.o
 .note.GNU-stack
                0x00000000        0x0 C:\Users\ADMINI~1\AppData\Local\Temp\ccQs7VzC.o
 .text          0x00000000       0x18 ..\ch32fun\misc\libgcc.a(muldi3.o)
 .data          0x00000000        0x0 ..\ch32fun\misc\libgcc.a(muldi3.o)
 .bss           0x00000000        0x0 ..\ch32fun\misc\libgcc.a(muldi3.o)
 .debug_line    0x00000000       0x7a ..\ch32fun\misc\libgcc.a(muldi3.o)
 .debug_line_str
                0x00000000       0x95 ..\ch32fun\misc\libgcc.a(muldi3.o)
 .debug_info    0x00000000       0x31 ..\ch32fun\misc\libgcc.a(muldi3.o)
 .debug_abbrev  0x00000000       0x28 ..\ch32fun\misc\libgcc.a(muldi3.o)
 .debug_aranges
                0x00000000       0x20 ..\ch32fun\misc\libgcc.a(muldi3.o)
 .debug_str     0x00000000       0xac ..\ch32fun\misc\libgcc.a(muldi3.o)
 .riscv.attributes
                0x00000000       0x1f ..\ch32fun\misc\libgcc.a(muldi3.o)
 .data          0x00000000        0x0 ..\ch32fun\misc\libgcc.a(div.o)
 .bss           0x00000000        0x0 ..\ch32fun\misc\libgcc.a(div.o)

Memory Configuration

Name             Origin             Length             Attributes
FLASH            0x00000000         0x00004000         xr
RAM              0x20000000         0x00000800         xrw
*default*        0x00000000         0xffffffff

Linker script and memory map

LOAD C:\Users\ADMINI~1\AppData\Local\Temp\ccZYLbGs.o
LOAD C:\Users\ADMINI~1\AppData\Local\Temp\ccQs7VzC.o
LOAD ..\ch32fun\misc\libgcc.a

.init           0x00000000       0xa0
                0x00000000                        _sinit = .
                0x00000000                        . = ALIGN (0x4)
 *(SORT_NONE(.init))
 .init          0x00000000       0x9e C:\Users\ADMINI~1\AppData\Local\Temp\ccZYLbGs.o
                0x00000000                InterruptVector
                0x00000000                InterruptVectorDefault
                0x000000a0                        . = ALIGN (0x4)
 *fill*         0x0000009e        0x2 
                0x000000a0                        _einit = .

.text           0x000000a0      0x7a0
                0x000000a0                        . = ALIGN (0x4)
 *(.text)
 .text          0x000000a0       0x7e ..\ch32fun\misc\libgcc.a(div.o)
                0x000000a0                __divsi3
                0x000000a8                __udivsi3
                0x000000a8                __hidden___udivsi3
                0x000000d4                __umodsi3
                0x000000f8                __modsi3
 *(.text.*)
 .text.mini_pad
                0x0000011e       0x80 C:\Users\ADMINI~1\AppData\Local\Temp\ccZYLbGs.o
 .text._puts    0x0000019e       0x40 C:\Users\ADMINI~1\AppData\Local\Temp\ccZYLbGs.o
 .text.mini_itoa.part.0
                0x000001de       0xb8 C:\Users\ADMINI~1\AppData\Local\Temp\ccZYLbGs.o
 .text.handle_reset
                0x00000296       0x74 C:\Users\ADMINI~1\AppData\Local\Temp\ccZYLbGs.o
                0x00000296                handle_reset
 .text.vector_handler
                0x0000030a       0x5a C:\Users\ADMINI~1\AppData\Local\Temp\ccZYLbGs.o
                0x0000030a                NMI_RCC_CSS_IRQHandler
                0x0000030a                NMI_Handler
                0x00000318                TIM8_TRG_COM_IRQHandler
                0x00000318                TIM8_CC_IRQHandler
                0x00000318                USART_WKUP_IRQHandler
                0x00000318                UART8_IRQHandler
                0x00000318                SPI4_IRQHandler
                0x00000318                NFC_IRQHandler
                0x00000318                DFSDM0_IRQHandler
                0x00000318                TIM1_CC_IRQHandler
                0x00000318                HardFault_Handler
                0x00000318                TIM10_IRQHandler
                0x00000318                EXTI2_IRQHandler
                0x00000318                IPC_CH2_Handler
                0x00000318                USBPD_IRQHandler
                0x00000318                TIM6_IRQHandler
                0x00000318                GPIOA_IRQHandler
                0x00000318                SysTick_Handler
                0x00000318                CAN3_RX1_IRQHandler
                0x00000318                I3C_ER_IRQHandler
                0x00000318                PVD_IRQHandler
                0x00000318                SDIO_IRQHandler
                0x00000318                TIM9_BRK_IRQHandler
                0x00000318                DMA2_Channel8_IRQHandler
                0x00000318                GPIOB_IRQHandler
                0x00000318                CAN2_RX1_IRQHandler
                0x00000318                EXTI3_IRQHandler
                0x00000318                HSEM_Handler
                0x00000318                UART1_IRQHandler
                0x00000318                USBHS_IRQHandler
                0x00000318                LPTIM2_IRQHandler
                0x00000318                DMA2_Channel9_IRQHandler
                0x00000318                TIM10_CC_IRQHandler
                0x00000318                EXTI25_16_IRQHandler
                0x00000318                I2C3_ER_IRQHandler
                0x00000318                USBFS_IRQHandler
                0x00000318                UART0_IRQHandler
                0x00000318                USART8_IRQHandler
                0x00000318                EXTI0_IRQHandler
                0x00000318                I2C2_EV_IRQHandler
                0x00000318                TIM10_TRG_COM_IRQHandler
                0x00000318                LPTIM_IRQHandler
                0x00000318                CAN1_RX0_IRQHandler
                0x00000318                CAN3_SCE_IRQHandler
                0x00000318                CAN2_SCE_IRQHandler
                0x00000318                ADC1_2_IRQHandler
                0x00000318                BB_IRQHandler
                0x00000318                Break_Point_Handler
                0x00000318                IPC_CH0_Handler
                0x00000318                TIM2_CC_IRQHandler
                0x00000318                SPI1_IRQHandler
                0x00000318                USART5_IRQHandler
                0x00000318                TAMPER_IRQHandler
                0x00000318                TMR0_IRQHandler
                0x00000318                AWU_IRQHandler
                0x00000318                EXTI7_0_IRQHandler
                0x00000318                CAN2_RX0_IRQHandler
                0x00000318                OSCWakeUp_IRQHandler
                0x00000318                TIM8_UP_IRQHandler
                0x00000318                Ecall_M_Mode_Handler
                0x00000318                ECDC_IRQHandler
                0x00000318                SDMMC_IRQHandler
                0x00000318                USART7_IRQHandler
                0x00000318                DMA2_Channel2_IRQHandler
                0x00000318                DMA1_Channel4_IRQHandler
                0x00000318                ADC1_IRQHandler
                0x00000318                TIM2_BRK_IRQHandler
                0x00000318                USART6_IRQHandler
                0x00000318                CAN3_RX0_IRQHandler
                0x00000318                HSADC_IRQHandler
                0x00000318                TIM9_UP_IRQHandler
                0x00000318                USART3_IRQHandler
                0x00000318                RTC_IRQHandler
                0x00000318                DMA1_Channel7_IRQHandler
                0x00000318                LED_IRQHandler
                0x00000318                CAN1_RX1_IRQHandler
                0x00000318                DVP_IRQHandler
                0x00000318                UART5_IRQHandler
                0x00000318                USBSS_IRQHandler
                0x00000318                SWPMI_IRQHandler
                0x00000318                EXTI15_8_IRQHandler
                0x00000318                USBPDWakeUp_IRQHandler
                0x00000318                TIM4_IRQHandler
                0x00000318                DMA2_Channel1_IRQHandler
                0x00000318                SWPMI_WKUP_IRQHandler
                0x00000318                USBPD_WKUP_IRQHandler
                0x00000318                I2C1_EV_IRQHandler
                0x00000318                UART2_IRQHandler
                0x00000318                USBSSWakeup_IRQHandler
                0x00000318                USART4_IRQHandler
                0x00000318                PWMX_IRQHandler
                0x00000318                DMA1_Channel6_IRQHandler
                0x00000318                UART4_IRQHandler
                0x00000318                DMA2_Channel4_IRQHandler
                0x00000318                TIM3_IRQHandler
                0x00000318                RCC_IRQHandler
                0x00000318                TIM1_TRG_COM_IRQHandler
                0x00000318                DMA1_Channel1_IRQHandler
                0x00000318                DMA2_Channel7_IRQHandler
                0x00000318                QSPI1_IRQHandler
                0x00000318                EXTI15_10_IRQHandler
                0x00000318                ADC_IRQHandler
                0x00000318                DMA1_Channel8_IRQHandler
                0x00000318                IPC_CH3_Handler
                0x00000318                I3C_EV_IRQHandler
                0x00000318                TMR2_IRQHandler
                0x00000318                I3C_WKUP_IRQHandler
                0x00000318                DefaultIRQHandler
                0x00000318                TIM12_IRQHandler
                0x00000318                TIM7_IRQHandler
                0x00000318                CAN2_TX_IRQHandler
                0x00000318                TIM5_IRQHandler
                0x00000318                OPCM_IRQHandler
                0x00000318                I2C3_EV_IRQHandler
                0x00000318                USB_IRQHandler
                0x00000318                EXTI9_5_IRQHandler
                0x00000318                PIOC_IRQHandler
                0x00000318                TIM9_IRQHandler
                0x00000318                LTDC_IRQHandler
                0x00000318                SAI_IRQHandler
                0x00000318                SPI2_IRQHandler
                0x00000318                OSC32KCal_IRQHandler
                0x00000318                IPC_CH1_Handler
                0x00000318                I2C_IRQHandler
                0x00000318                LPTIM1_WKUP_IRQHandler
                0x00000318                TIM10_BRK_IRQHandler
                0x00000318                TIM9_CC_IRQHandler
                0x00000318                CAN1_TX_IRQHandler
                0x00000318                DMA2_Channel5_IRQHandler
                0x00000318                USB2_IRQHandler
                0x00000318                USBHSWakeUp_IRQHandler
                0x00000318                DMA1_Channel5_IRQHandler
                0x00000318                EXTI4_IRQHandler
                0x00000318                USB_LP_CAN1_RX0_IRQHandler
                0x00000318                QSPI2_IRQHandler
                0x00000318                RNG_IRQHandler
                0x00000318                USB_HP_CAN1_TX_IRQHandler
                0x00000318                LLE_IRQHandler
                0x00000318                CMPWakeUp_IRQHandler
                0x00000318                DMA1_Channel3_IRQHandler
                0x00000318                FSMC_IRQHandler
                0x00000318                ETH_IRQHandler
                0x00000318                TIM1_UP_IRQHandler
                0x00000318                LPTIMWakeUp_IRQHandler
                0x00000318                WWDG_IRQHandler
                0x00000318                USBHSWakeup_IRQHandler
                0x00000318                DMA2_Channel11_IRQHandler
                0x00000318                WDOG_BAT_IRQHandler
                0x00000318                Ecall_U_Mode_Handler
                0x00000318                I2C4_EV_IRQHandler
                0x00000318                CAN3_TX_IRQHandler
                0x00000318                TMR3_IRQHandler
                0x00000318                DMA2_Channel6_IRQHandler
                0x00000318                TIM2_IRQHandler
                0x00000318                SW_Handler
                0x00000318                TIM1_BRK_IRQHandler
                0x00000318                GPHA_IRQHandler
                0x00000318                OPA_IRQHandler
                0x00000318                DMA2_Channel10_IRQHandler
                0x00000318                EXTI1_IRQHandler
                0x00000318                SPI0_IRQHandler
                0x00000318                USB2_HOST_IRQHandler
                0x00000318                LPTIM2_WKUP_IRQHandler
                0x00000318                RTCAlarm_IRQHandler
                0x00000318                TIM11_IRQHandler
                0x00000318                TIM10_UP_IRQHandler
                0x00000318                UART7_IRQHandler
                0x00000318                TIM9_TRG_COM_IRQHandler
                0x00000318                USART2_IRQHandler
                0x00000318                UART6_IRQHandler
                0x00000318                UHSIF_IRQHandler
                0x00000318                ETHWakeUp_IRQHandler
                0x00000318                I2C2_ER_IRQHandler
                0x00000318                DMA1_Channel2_IRQHandler
                0x00000318                TIM8_BRK_IRQHandler
                0x00000318                TIM2_TRG_IRQHandler
                0x00000318                CAN1_SCE_IRQHandler
                0x00000318                FLASH_IRQHandler
                0x00000318                USBFSWakeUp_IRQHandler
                0x00000318                USART1_IRQHandler
                0x00000318                OTG_FS_IRQHandler
                0x00000318                SPI3_IRQHandler
                0x00000318                USBFS_WakeUp_IRQHandler
                0x00000318                UART3_IRQHandler
                0x00000318                I2C1_ER_IRQHandler
                0x00000318                FMC_IRQHandler
                0x00000318                USB2_DEVICE_IRQHandler
                0x00000318                LPTIM1_IRQHandler
                0x00000318                DFSDM1_IRQHandler
                0x00000318                TMR1_IRQHandler
                0x00000318                I2C4_ER_IRQHandler
                0x00000318                SERDES_IRQHandler
                0x00000318                USBSS_LINK_IRQHandler
                0x00000318                USBWakeUp_IRQHandler
                0x00000318                DMA2_Channel3_IRQHandler
 .text.strlen   0x00000364       0x12 C:\Users\ADMINI~1\AppData\Local\Temp\ccZYLbGs.o
                0x00000364                strlen
 .text.mini_vpprintf
                0x00000376      0x1a6 C:\Users\ADMINI~1\AppData\Local\Temp\ccZYLbGs.o
                0x00000376                mini_vpprintf
 .text.printf   0x0000051c       0x22 C:\Users\ADMINI~1\AppData\Local\Temp\ccZYLbGs.o
                0x0000051c                printf
 .text.PrintHex
                0x0000053e       0x5a C:\Users\ADMINI~1\AppData\Local\Temp\ccZYLbGs.o
                0x0000053e                PrintHex
 .text.handle_debug_input
                0x00000598        0x2 C:\Users\ADMINI~1\AppData\Local\Temp\ccZYLbGs.o
                0x00000598                handle_debug_input
 .text.internal_handle_input.constprop.0
                0x0000059a       0x24 C:\Users\ADMINI~1\AppData\Local\Temp\ccZYLbGs.o
 .text._write   0x000005be       0xe6 C:\Users\ADMINI~1\AppData\Local\Temp\ccZYLbGs.o
                0x000005be                _write
 .text.__puts_uart
                0x000006a4       0x1a C:\Users\ADMINI~1\AppData\Local\Temp\ccZYLbGs.o
 .text.puts     0x000006be       0x2c C:\Users\ADMINI~1\AppData\Local\Temp\ccZYLbGs.o
                0x000006be                puts
 .text.SetupDebugPrintf
                0x000006ea       0x12 C:\Users\ADMINI~1\AppData\Local\Temp\ccZYLbGs.o
                0x000006ea                SetupDebugPrintf
 .text.DelaySysTick
                0x000006fc       0x12 C:\Users\ADMINI~1\AppData\Local\Temp\ccZYLbGs.o
                0x000006fc                DelaySysTick
 .text.SystemInit
                0x0000070e       0x44 C:\Users\ADMINI~1\AppData\Local\Temp\ccZYLbGs.o
                0x0000070e                SystemInit
 .text.startup.main
                0x00000752       0xbc C:\Users\ADMINI~1\AppData\Local\Temp\ccQs7VzC.o
                0x00000752                main
 *(.rodata)
 *(.rodata*)
 *fill*         0x0000080e        0x2 
 .rodata.puts.str1.4
                0x00000810       0x2e C:\Users\ADMINI~1\AppData\Local\Temp\ccZYLbGs.o
                                  0x2 (size before relaxing)
 .rodata.main.str1.4
                0x0000083e        0x0 C:\Users\ADMINI~1\AppData\Local\Temp\ccQs7VzC.o
                                 0x2e (size before relaxing)
 *(.gnu.linkonce.t.*)
                0x00000840                        . = ALIGN (0x4)
 *fill*         0x0000083e        0x2 

.rela.dyn       0x00000840        0x0
 .rela.text.handle_reset
                0x00000840        0x0 C:\Users\ADMINI~1\AppData\Local\Temp\ccZYLbGs.o
 .rela.init     0x00000840        0x0 C:\Users\ADMINI~1\AppData\Local\Temp\ccZYLbGs.o

.fini           0x00000840        0x0
 *(SORT_NONE(.fini))
                0x00000840                        . = ALIGN (0x4)
                [!provide]                        PROVIDE (_etext = .)
                [!provide]                        PROVIDE (_eitcm = .)

.preinit_array  0x00000840        0x0
                [!provide]                        PROVIDE (__preinit_array_start = .)
 *(.preinit_array)
                [!provide]                        PROVIDE (__preinit_array_end = .)

.init_array     0x00000840        0x0
                0x00000840                        PROVIDE (__init_array_start = .)
 *(SORT_BY_INIT_PRIORITY(.init_array.*) SORT_BY_INIT_PRIORITY(.ctors.*))
 *(.init_array EXCLUDE_FILE(*crtend?.o *crtend.o *crtbegin?.o *crtbegin.o) .ctors)
                0x00000840                        PROVIDE (__init_array_end = .)

.fini_array     0x00000840        0x0
                [!provide]                        PROVIDE (__fini_array_start = .)
 *(SORT_BY_INIT_PRIORITY(.fini_array.*) SORT_BY_INIT_PRIORITY(.dtors.*))
 *(.fini_array EXCLUDE_FILE(*crtend?.o *crtend.o *crtbegin?.o *crtbegin.o) .dtors)
                [!provide]                        PROVIDE (__fini_array_end = .)

.ctors
 *crtbegin.o(.ctors)
 *crtbegin?.o(.ctors)
 *(EXCLUDE_FILE(*crtend?.o *crtend.o) .ctors)
 *(SORT_BY_NAME(.ctors.*))
 *(.ctors)

.dtors
 *crtbegin.o(.dtors)
 *crtbegin?.o(.dtors)
 *(EXCLUDE_FILE(*crtend?.o *crtend.o) .dtors)
 *(SORT_BY_NAME(.dtors.*))
 *(.dtors)

.dalign         0x20000000        0x0 load address 0x00000840
                0x20000000                        . = ALIGN (0x4)
                0x20000000                        PROVIDE (_data_vma = .)

.dlalign        0x00000840        0x0
                0x00000840                        . = ALIGN (0x4)
                0x00000840                        PROVIDE (_data_lma = .)

.data           0x20000000        0x0 load address 0x00000840
                0x20000000                        . = ALIGN (0x4)
                0x200003fc                        __global_pointer$ = (. + 0x3fc)
 *(.gnu.linkonce.r.*)
 *(.data .data.*)
 *(.gnu.linkonce.d.*)
                0x20000000                        . = ALIGN (0x8)
 *(.sdata .sdata.*)
 *(.sdata2*)
 *(.gnu.linkonce.s.*)
                0x20000000                        . = ALIGN (0x8)
 *(.srodata.cst16)
 *(.srodata.cst8)
 *(.srodata.cst4)
 *(.srodata.cst2)
 *(.srodata .srodata.*)
                0x20000000                        . = ALIGN (0x4)
                0x20000000                        PROVIDE (_edata = .)

.bss            0x20000000        0x0 load address 0x00000840
                0x20000000                        . = ALIGN (0x4)
                0x20000000                        PROVIDE (_sbss = .)
 *(.sbss*)
 *(.gnu.linkonce.sb.*)
 *(.bss*)
 *(.gnu.linkonce.b.*)
 *(COMMON*)
                0x20000000                        . = ALIGN (0x4)
                0x20000000                        PROVIDE (_ebss = .)
                [!provide]                        PROVIDE (_end = _ebss)
                [!provide]                        PROVIDE (end = .)
                0x20000800                        PROVIDE (_eusrstack = (ORIGIN (RAM) + LENGTH (RAM)))

/DISCARD/
 *(.note .note.*)
 *(.eh_frame .eh_frame.*)
 *(.comment .comment.*)
 *(.ARM.extab* .gnu.linkonce.armextab.*)
 *(.ARM.exidx*)
OUTPUT(led_scan.elf elf32-littleriscv)

.riscv.attributes
                0x00000000       0x2c
 .riscv.attributes
                0x00000000       0x2c C:\Users\ADMINI~1\AppData\Local\Temp\ccZYLbGs.o
 .riscv.attributes
                0x0000002c       0x28 C:\Users\ADMINI~1\AppData\Local\Temp\ccQs7VzC.o
 .riscv.attributes
                0x00000054       0x1f ..\ch32fun\misc\libgcc.a(div.o)

.debug_info     0x00000000     0x279e
 .debug_info    0x00000000     0x2358 C:\Users\ADMINI~1\AppData\Local\Temp\ccZYLbGs.o
 .debug_info    0x00002358      0x3e9 C:\Users\ADMINI~1\AppData\Local\Temp\ccQs7VzC.o
 .debug_info    0x00002741       0x5d ..\ch32fun\misc\libgcc.a(div.o)

.debug_abbrev   0x00000000      0x775
 .debug_abbrev  0x00000000      0x567 C:\Users\ADMINI~1\AppData\Local\Temp\ccZYLbGs.o
 .debug_abbrev  0x00000567      0x1e6 C:\Users\ADMINI~1\AppData\Local\Temp\ccQs7VzC.o
 .debug_abbrev  0x0000074d       0x28 ..\ch32fun\misc\libgcc.a(div.o)

.debug_loclists
                0x00000000     0x1e7d
 .debug_loclists
                0x00000000     0x1dfb C:\Users\ADMINI~1\AppData\Local\Temp\ccZYLbGs.o
 .debug_loclists
                0x00001dfb       0x82 C:\Users\ADMINI~1\AppData\Local\Temp\ccQs7VzC.o

.debug_aranges  0x00000000      0x1f0
 .debug_aranges
                0x00000000      0x1b0 C:\Users\ADMINI~1\AppData\Local\Temp\ccZYLbGs.o
 .debug_aranges
                0x000001b0       0x20 C:\Users\ADMINI~1\AppData\Local\Temp\ccQs7VzC.o
 .debug_aranges
                0x000001d0       0x20 ..\ch32fun\misc\libgcc.a(div.o)

.debug_rnglists
                0x00000000      0x226
 .debug_rnglists
                0x00000000      0x212 C:\Users\ADMINI~1\AppData\Local\Temp\ccZYLbGs.o
 .debug_rnglists
                0x00000212       0x14 C:\Users\ADMINI~1\AppData\Local\Temp\ccQs7VzC.o

.debug_line     0x00000000     0x2d93
 .debug_line    0x00000000     0x2a49 C:\Users\ADMINI~1\AppData\Local\Temp\ccZYLbGs.o
 .debug_line    0x00002a49      0x1f7 C:\Users\ADMINI~1\AppData\Local\Temp\ccQs7VzC.o
 .debug_line    0x00002c40      0x153 ..\ch32fun\misc\libgcc.a(div.o)

.debug_str      0x00000000      0x8e4
 .debug_str     0x00000000      0x8e4 C:\Users\ADMINI~1\AppData\Local\Temp\ccZYLbGs.o
                                0x833 (size before relaxing)
 .debug_str     0x000008e4        0x0 C:\Users\ADMINI~1\AppData\Local\Temp\ccQs7VzC.o
                                0x2e1 (size before relaxing)
 .debug_str     0x000008e4        0x0 ..\ch32fun\misc\libgcc.a(div.o)
                                 0xd9 (size before relaxing)

.debug_line_str
                0x00000000      0x2ad
 .debug_line_str
                0x00000000      0x2ad C:\Users\ADMINI~1\AppData\Local\Temp\ccZYLbGs.o
                                0x21a (size before relaxing)
 .debug_line_str
                0x000002ad        0x0 C:\Users\ADMINI~1\AppData\Local\Temp\ccQs7VzC.o
                                0x181 (size before relaxing)
 .debug_line_str
                0x000002ad        0x0 ..\ch32fun\misc\libgcc.a(div.o)
                                 0x92 (size before relaxing)

.debug_frame    0x00000000      0x4d0
 .debug_frame   0x00000000      0x4a4 C:\Users\ADMINI~1\AppData\Local\Temp\ccZYLbGs.o
 .debug_frame   0x000004a4       0x2c C:\Users\ADMINI~1\AppData\Local\Temp\ccQs7VzC.o
