
led_scan.elf:     file format elf32-littleriscv


Disassembly of section .init:

00000000 <InterruptVectorDefault>:
	void InterruptVectorDefault()  __attribute__((naked)) __attribute((section(".init"))) __attribute((naked));

	void InterruptVectorDefault( void )
	{
		#if !defined(FUNCONF_TINYVECTOR) || !FUNCONF_TINYVECTOR
			asm volatile( DEFAULT_INTERRUPT_VECTOR_CONTENTS );
   0:	2960006f          	j	296 <handle_reset>
   4:	00000000          	.word	0x00000000
   8:	0000030a          	.word	0x0000030a
   c:	00000318          	.word	0x00000318
	...
  30:	00000318          	.word	0x00000318
  34:	00000000          	.word	0x00000000
  38:	00000318          	.word	0x00000318
  3c:	00000000          	.word	0x00000000
  40:	00000318          	.word	0x00000318
  44:	00000318          	.word	0x00000318
  48:	00000318          	.word	0x00000318
  4c:	00000318          	.word	0x00000318
  50:	00000318          	.word	0x00000318
  54:	00000318          	.word	0x00000318
  58:	00000318          	.word	0x00000318
  5c:	00000318          	.word	0x00000318
  60:	00000318          	.word	0x00000318
  64:	00000318          	.word	0x00000318
  68:	00000318          	.word	0x00000318
  6c:	00000318          	.word	0x00000318
  70:	00000318          	.word	0x00000318
  74:	00000318          	.word	0x00000318
  78:	00000318          	.word	0x00000318
  7c:	00000318          	.word	0x00000318
  80:	00000318          	.word	0x00000318
  84:	00000318          	.word	0x00000318
  88:	00000318          	.word	0x00000318
  8c:	00000318          	.word	0x00000318
  90:	00000318          	.word	0x00000318
  94:	00000318          	.word	0x00000318
  98:	00000318          	.word	0x00000318
  9c:	0001                	nop
	...

Disassembly of section .text:

000000a0 <__divsi3>:
  a0:	02054e63          	bltz	a0,dc <__umodsi3+0x8>
  a4:	0405c363          	bltz	a1,ea <__umodsi3+0x16>

000000a8 <__hidden___udivsi3>:
  a8:	862e                	mv	a2,a1
  aa:	85aa                	mv	a1,a0
  ac:	557d                	li	a0,-1
  ae:	c215                	beqz	a2,d2 <__hidden___udivsi3+0x2a>
  b0:	4685                	li	a3,1
  b2:	00b67863          	bgeu	a2,a1,c2 <__hidden___udivsi3+0x1a>
  b6:	00c05663          	blez	a2,c2 <__hidden___udivsi3+0x1a>
  ba:	0606                	slli	a2,a2,0x1
  bc:	0686                	slli	a3,a3,0x1
  be:	feb66ce3          	bltu	a2,a1,b6 <__hidden___udivsi3+0xe>
  c2:	4501                	li	a0,0
  c4:	00c5e463          	bltu	a1,a2,cc <__hidden___udivsi3+0x24>
  c8:	8d91                	sub	a1,a1,a2
  ca:	8d55                	or	a0,a0,a3
  cc:	8285                	srli	a3,a3,0x1
  ce:	8205                	srli	a2,a2,0x1
  d0:	faf5                	bnez	a3,c4 <__hidden___udivsi3+0x1c>
  d2:	8082                	ret

000000d4 <__umodsi3>:
  d4:	8286                	mv	t0,ra
  d6:	3fc9                	jal	a8 <__hidden___udivsi3>
  d8:	852e                	mv	a0,a1
  da:	8282                	jr	t0
  dc:	40a00533          	neg	a0,a0
  e0:	00b04763          	bgtz	a1,ee <__umodsi3+0x1a>
  e4:	40b005b3          	neg	a1,a1
  e8:	b7c1                	j	a8 <__hidden___udivsi3>
  ea:	40b005b3          	neg	a1,a1
  ee:	8286                	mv	t0,ra
  f0:	3f65                	jal	a8 <__hidden___udivsi3>
  f2:	40a00533          	neg	a0,a0
  f6:	8282                	jr	t0

000000f8 <__modsi3>:
  f8:	8286                	mv	t0,ra
  fa:	0005c763          	bltz	a1,108 <__modsi3+0x10>
  fe:	00054963          	bltz	a0,110 <__modsi3+0x18>
 102:	375d                	jal	a8 <__hidden___udivsi3>
 104:	852e                	mv	a0,a1
 106:	8282                	jr	t0
 108:	40b005b3          	neg	a1,a1
 10c:	fe055be3          	bgez	a0,102 <__modsi3+0xa>
 110:	40a00533          	neg	a0,a0
 114:	3f51                	jal	a8 <__hidden___udivsi3>
 116:	40b00533          	neg	a0,a1
 11a:	8282                	jr	t0
	...

0000011e <mini_pad>:
	if(pad_to == 0) pad_to = len;
 11e:	c699                	beqz	a3,12c <mini_pad+0xe>
	int overflow = 0;
 120:	4301                	li	t1,0
	if(len > pad_to) {
 122:	00b6d763          	bge	a3,a1,130 <mini_pad+0x12>
		len = pad_to;
 126:	85b6                	mv	a1,a3
		overflow = 1;
 128:	4305                	li	t1,1
 12a:	a019                	j	130 <mini_pad+0x12>
	int overflow = 0;
 12c:	4301                	li	t1,0
	if(pad_to == 0) pad_to = len;
 12e:	86ae                	mv	a3,a1
	for(i = pad_to - len; i > 0; i --) {
 130:	8e8d                	sub	a3,a3,a1
	char * pbuffer = buffer;
 132:	87ba                	mv	a5,a4
 134:	00d703b3          	add	t2,a4,a3
	for(i = pad_to - len; i > 0; i --) {
 138:	40f382b3          	sub	t0,t2,a5
 13c:	02504963          	bgtz	t0,16e <mini_pad+0x50>
 140:	fff6c793          	not	a5,a3
 144:	87fd                	srai	a5,a5,0x1f
 146:	8efd                	and	a3,a3,a5
 148:	96ba                	add	a3,a3,a4
 14a:	4781                	li	a5,0
	for(i = len; i > 0; i --) {
 14c:	40f58633          	sub	a2,a1,a5
 150:	02c04363          	bgtz	a2,176 <mini_pad+0x58>
 154:	fff5c793          	not	a5,a1
 158:	87fd                	srai	a5,a5,0x1f
 15a:	8dfd                	and	a1,a1,a5
 15c:	95b6                	add	a1,a1,a3
 15e:	87ae                	mv	a5,a1
	len = pbuffer - buffer;
 160:	40e58533          	sub	a0,a1,a4
			*(pbuffer-- - 1) = '*';
 164:	02a00693          	li	a3,42
	if(overflow) {
 168:	02031463          	bnez	t1,190 <mini_pad+0x72>
}
 16c:	8082                	ret
		*(pbuffer++) = pad_char;
 16e:	0785                	addi	a5,a5,1
 170:	fec78fa3          	sb	a2,-1(a5)
	for(i = pad_to - len; i > 0; i --) {
 174:	b7d1                	j	138 <mini_pad+0x1a>
		*(pbuffer++) = *(ptr++);
 176:	00f50633          	add	a2,a0,a5
 17a:	00064283          	lbu	t0,0(a2)
 17e:	00f68633          	add	a2,a3,a5
 182:	0785                	addi	a5,a5,1
 184:	00560023          	sb	t0,0(a2)
	for(i = len; i > 0; i --) {
 188:	b7d1                	j	14c <mini_pad+0x2e>
			*(pbuffer-- - 1) = '*';
 18a:	fed78fa3          	sb	a3,-1(a5)
 18e:	17fd                	addi	a5,a5,-1
		for (i = 0; i < 3 && pbuffer > buffer; i ++) {
 190:	ffd58613          	addi	a2,a1,-3
 194:	fcf60ce3          	beq	a2,a5,16c <mini_pad+0x4e>
 198:	fef769e3          	bltu	a4,a5,18a <mini_pad+0x6c>
 19c:	8082                	ret

0000019e <_puts>:
	if(!buf) return len;
 19e:	ce01                	beqz	a2,1b6 <_puts+0x18>
	char * p0 = b->buffer;
 1a0:	00062283          	lw	t0,0(a2)
	for (i = 0; i < len; i++) {
 1a4:	4701                	li	a4,0
		if(b->pbuffer == b->buffer + b->buffer_len - 1) {
 1a6:	425c                	lw	a5,4(a2)
	for (i = 0; i < len; i++) {
 1a8:	00b74963          	blt	a4,a1,1ba <_puts+0x1c>
	*(b->pbuffer) = 0;
 1ac:	00078023          	sb	zero,0(a5)
	return b->pbuffer - p0;
 1b0:	424c                	lw	a1,4(a2)
 1b2:	405585b3          	sub	a1,a1,t0
}
 1b6:	852e                	mv	a0,a1
 1b8:	8082                	ret
		if(b->pbuffer == b->buffer + b->buffer_len - 1) {
 1ba:	00862303          	lw	t1,8(a2)
 1be:	4214                	lw	a3,0(a2)
 1c0:	137d                	addi	t1,t1,-1
 1c2:	969a                	add	a3,a3,t1
 1c4:	fed784e3          	beq	a5,a3,1ac <_puts+0xe>
		*(b->pbuffer ++) = s[i];
 1c8:	00178693          	addi	a3,a5,1
 1cc:	c254                	sw	a3,4(a2)
 1ce:	00e506b3          	add	a3,a0,a4
 1d2:	0006c683          	lbu	a3,0(a3)
	for (i = 0; i < len; i++) {
 1d6:	0705                	addi	a4,a4,1
		*(b->pbuffer ++) = s[i];
 1d8:	00d78023          	sb	a3,0(a5)
	for (i = 0; i < len; i++) {
 1dc:	b7e9                	j	1a6 <_puts+0x8>

000001de <mini_itoa.part.0>:
int mini_itoa(long value, unsigned int radix, int uppercase, int unsig, char *buffer)
 1de:	1111                	addi	sp,sp,-28
 1e0:	cc06                	sw	ra,24(sp)
 1e2:	ca22                	sw	s0,20(sp)
 1e4:	c826                	sw	s1,16(sp)
 1e6:	832a                	mv	t1,a0
	if (value < 0 && !unsig) {
 1e8:	08055663          	bgez	a0,274 <mini_itoa.part.0+0x96>
 1ec:	e6c1                	bnez	a3,274 <mini_itoa.part.0+0x96>
		negative = 1;
 1ee:	4785                	li	a5,1
		value = -value;
 1f0:	40a00333          	neg	t1,a0
		negative = 1;
 1f4:	c03e                	sw	a5,0(sp)
 1f6:	06100413          	li	s0,97
 1fa:	c219                	beqz	a2,200 <mini_itoa.part.0+0x22>
 1fc:	04100413          	li	s0,65
	int	negative = 0;
 200:	84ba                	mv	s1,a4
		*(pbuffer++) = (digit < 10 ? '0' + digit : (uppercase ? 'A' : 'a') + digit - 10);
 202:	1459                	addi	s0,s0,-10
		int digit = value % radix;
 204:	851a                	mv	a0,t1
 206:	c63a                	sw	a4,12(sp)
 208:	c42e                	sw	a1,8(sp)
 20a:	c21a                	sw	t1,4(sp)
 20c:	35e1                	jal	d4 <__umodsi3>
		*(pbuffer++) = (digit < 10 ? '0' + digit : (uppercase ? 'A' : 'a') + digit - 10);
 20e:	47a5                	li	a5,9
 210:	4312                	lw	t1,4(sp)
 212:	45a2                	lw	a1,8(sp)
 214:	4732                	lw	a4,12(sp)
 216:	00850633          	add	a2,a0,s0
 21a:	00a7e463          	bltu	a5,a0,222 <mini_itoa.part.0+0x44>
 21e:	03050613          	addi	a2,a0,48
 222:	00148793          	addi	a5,s1,1
		value /= radix;
 226:	851a                	mv	a0,t1
		*(pbuffer++) = (digit < 10 ? '0' + digit : (uppercase ? 'A' : 'a') + digit - 10);
 228:	00c48023          	sb	a2,0(s1)
 22c:	c63a                	sw	a4,12(sp)
 22e:	c43e                	sw	a5,8(sp)
		value /= radix;
 230:	c22e                	sw	a1,4(sp)
 232:	3d9d                	jal	a8 <__hidden___udivsi3>
	} while (value > 0);
 234:	4592                	lw	a1,4(sp)
 236:	47a2                	lw	a5,8(sp)
 238:	4732                	lw	a4,12(sp)
		value /= radix;
 23a:	832a                	mv	t1,a0
	} while (value > 0);
 23c:	02a04e63          	bgtz	a0,278 <mini_itoa.part.0+0x9a>
	if (negative)
 240:	4682                	lw	a3,0(sp)
 242:	c699                	beqz	a3,250 <mini_itoa.part.0+0x72>
		*(pbuffer++) = '-';
 244:	02d00613          	li	a2,45
 248:	00c78023          	sb	a2,0(a5)
 24c:	00248793          	addi	a5,s1,2
	len = (pbuffer - buffer);
 250:	40e78533          	sub	a0,a5,a4
	*(pbuffer) = '\0';
 254:	00078023          	sb	zero,0(a5)
	for (i = 0; i < len / 2; i++) {
 258:	01f55793          	srli	a5,a0,0x1f
 25c:	97aa                	add	a5,a5,a0
 25e:	8785                	srai	a5,a5,0x1
 260:	00a70633          	add	a2,a4,a0
 264:	4681                	li	a3,0
 266:	00f6cb63          	blt	a3,a5,27c <mini_itoa.part.0+0x9e>
}
 26a:	40e2                	lw	ra,24(sp)
 26c:	4452                	lw	s0,20(sp)
 26e:	44c2                	lw	s1,16(sp)
 270:	0171                	addi	sp,sp,28
 272:	8082                	ret
	int	negative = 0;
 274:	c002                	sw	zero,0(sp)
 276:	b741                	j	1f6 <mini_itoa.part.0+0x18>
		*(pbuffer++) = (digit < 10 ? '0' + digit : (uppercase ? 'A' : 'a') + digit - 10);
 278:	84be                	mv	s1,a5
 27a:	b769                	j	204 <mini_itoa.part.0+0x26>
 27c:	00d705b3          	add	a1,a4,a3
		buffer[i] = buffer[len-i-1];
 280:	fff64283          	lbu	t0,-1(a2)
		char j = buffer[i];
 284:	0005c303          	lbu	t1,0(a1)
	for (i = 0; i < len / 2; i++) {
 288:	167d                	addi	a2,a2,-1
		buffer[i] = buffer[len-i-1];
 28a:	00558023          	sb	t0,0(a1)
		buffer[len-i-1] = j;
 28e:	00660023          	sb	t1,0(a2)
	for (i = 0; i < len / 2; i++) {
 292:	0685                	addi	a3,a3,1
 294:	bfc9                	j	266 <mini_itoa.part.0+0x88>

00000296 <handle_reset>:

#if defined( CH32V003 ) || defined( CH32X03x ) || defined(CH32V00x)

void handle_reset( void )
{
	asm volatile( "\n\
 296:	20000197          	auipc	gp,0x20000
 29a:	16618193          	addi	gp,gp,358 # 200003fc <__global_pointer$>
 29e:	20000117          	auipc	sp,0x20000
 2a2:	56210113          	addi	sp,sp,1378 # 20000800 <_eusrstack>
 2a6:	6509                	lui	a0,0x2
 2a8:	88050513          	addi	a0,a0,-1920 # 1880 <_data_lma+0x1040>
 2ac:	30051073          	csrw	mstatus,a0
 2b0:	00000697          	auipc	a3,0x0
 2b4:	d5068693          	addi	a3,a3,-688 # 0 <InterruptVectorDefault>
 2b8:	0036e693          	ori	a3,a3,3
 2bc:	30569073          	csrw	mtvec,a3
#endif
	: : : "a0", "a3", "memory");

	// Careful: Use registers to prevent overwriting of self-data.
	// This clears out BSS.
asm volatile(
 2c0:	c0418513          	addi	a0,gp,-1020 # 20000000 <_data_vma>
 2c4:	c0418593          	addi	a1,gp,-1020 # 20000000 <_data_vma>
 2c8:	4601                	li	a2,0
 2ca:	00b55663          	bge	a0,a1,2d6 <handle_reset+0x40>
 2ce:	c110                	sw	a2,0(a0)
 2d0:	0511                	addi	a0,a0,4
 2d2:	feb54ee3          	blt	a0,a1,2ce <handle_reset+0x38>
 2d6:	00000517          	auipc	a0,0x0
 2da:	56a50513          	addi	a0,a0,1386 # 840 <_data_lma>
 2de:	c0418593          	addi	a1,gp,-1020 # 20000000 <_data_vma>
 2e2:	c0418613          	addi	a2,gp,-1020 # 20000000 <_data_vma>
 2e6:	00c58863          	beq	a1,a2,2f6 <handle_reset+0x60>
 2ea:	4114                	lw	a3,0(a0)
 2ec:	c194                	sw	a3,0(a1)
 2ee:	0511                	addi	a0,a0,4
 2f0:	0591                	addi	a1,a1,4
 2f2:	fec59ae3          	bne	a1,a2,2e6 <handle_reset+0x50>
);

#if defined( FUNCONF_SYSTICK_USE_HCLK ) && FUNCONF_SYSTICK_USE_HCLK
	SysTick->CTLR = 5;
#else
	SysTick->CTLR = 1;
 2f6:	e000f7b7          	lui	a5,0xe000f
 2fa:	4705                	li	a4,1
 2fc:	c398                	sw	a4,0(a5)
#endif

	// set mepc to be main as the root app.
asm volatile(
 2fe:	75200793          	li	a5,1874
 302:	34179073          	csrw	mepc,a5
 306:	30200073          	mret

0000030a <NMI_RCC_CSS_IRQHandler>:
	RCC->INTR |= RCC_CSSC;	// clear the clock security int flag
 30a:	40021737          	lui	a4,0x40021
 30e:	471c                	lw	a5,8(a4)
 310:	008006b7          	lui	a3,0x800
 314:	8fd5                	or	a5,a5,a3
 316:	c71c                	sw	a5,8(a4)

00000318 <DefaultIRQHandler>:

// Return the Machine Exception Program Register (MEPC)
static inline uint32_t __get_MEPC(void)
{
	uint32_t result;
	__ASM volatile( ADD_ARCH_ZICSR "csrr %0," "mepc" : "=r"(result));
 318:	34102573          	csrr	a0,mepc
	PrintHex( __get_MEPC() ); // "addr2line -e debugprintfdemo.elf 0x000007e6" ---> debugprintfdemo.c:45
 31c:	240d                	jal	53e <PrintHex>
	__ASM volatile( ADD_ARCH_ZICSR "csrr %0, mstatus": "=r"(result) );
 31e:	30002573          	csrr	a0,mstatus
	PrintHex( __get_MSTATUS() );
 322:	2c31                	jal	53e <PrintHex>

// Return the Machine Trap Value Register (MTVAL)
static inline uint32_t __get_MTVAL(void)
{
	uint32_t result;
	__ASM volatile( ADD_ARCH_ZICSR "csrr %0," "mtval" : "=r" (result) );
 324:	34302573          	csrr	a0,mtval
	PrintHex( __get_MTVAL() );
 328:	2c19                	jal	53e <PrintHex>
	__ASM volatile( ADD_ARCH_ZICSR "csrr %0," "mcause": "=r"(result));
 32a:	34202573          	csrr	a0,mcause
	PrintHex( __get_MCAUSE() );
 32e:	2c01                	jal	53e <PrintHex>
	while( (*DMDATA0) & 0x80 );
 330:	e00007b7          	lui	a5,0xe0000
 334:	0f478793          	addi	a5,a5,244 # e00000f4 <_eusrstack+0xbffff8f4>
 338:	4398                	lw	a4,0(a5)
 33a:	08077713          	andi	a4,a4,128
 33e:	ff6d                	bnez	a4,338 <DefaultIRQHandler+0x20>
	*DMDATA0 = 0x0a85;
 340:	6705                	lui	a4,0x1
 342:	a8570713          	addi	a4,a4,-1403 # a85 <_data_lma+0x245>
 346:	c398                	sw	a4,0(a5)
	while( (*DMDATA0) & 0x80 );
 348:	e00007b7          	lui	a5,0xe0000
 34c:	0f478793          	addi	a5,a5,244 # e00000f4 <_eusrstack+0xbffff8f4>
 350:	4398                	lw	a4,0(a5)
 352:	08077713          	andi	a4,a4,128
 356:	ff6d                	bnez	a4,350 <DefaultIRQHandler+0x38>
	*DMDATA0 = 0xaaaaaa83;
 358:	aaaab737          	lui	a4,0xaaaab
 35c:	a8370713          	addi	a4,a4,-1405 # aaaaaa83 <_eusrstack+0x8aaaa283>
 360:	c398                	sw	a4,0(a5)
	asm volatile( "1: j 1b" );
 362:	a001                	j	362 <DefaultIRQHandler+0x4a>

00000364 <strlen>:
	for (; *s; s++);
 364:	87aa                	mv	a5,a0
 366:	0007c703          	lbu	a4,0(a5)
 36a:	e701                	bnez	a4,372 <strlen+0xe>
}
 36c:	40a78533          	sub	a0,a5,a0
 370:	8082                	ret
	for (; *s; s++);
 372:	0785                	addi	a5,a5,1
 374:	bfcd                	j	366 <strlen+0x2>

00000376 <mini_vpprintf>:
{
 376:	fa410113          	addi	sp,sp,-92
 37a:	caa2                	sw	s0,84(sp)
 37c:	c8a6                	sw	s1,80(sp)
 37e:	cc86                	sw	ra,88(sp)
 380:	c02e                	sw	a1,0(sp)
 382:	8432                	mv	s0,a2
 384:	87b6                	mv	a5,a3
 386:	84aa                	mv	s1,a0
	if(puts == (void*)0) {
 388:	e501                	bnez	a0,390 <mini_vpprintf+0x1a>
		puts = _puts; buf = (void*)0;
 38a:	c002                	sw	zero,0(sp)
 38c:	19e00493          	li	s1,414
	int n = 0;
 390:	ca02                	sw	zero,20(sp)
	while ((ch=*(fmt++))) {
 392:	00044703          	lbu	a4,0(s0)
 396:	00e10fa3          	sb	a4,31(sp)
 39a:	eb01                	bnez	a4,3aa <mini_vpprintf+0x34>
}
 39c:	40e6                	lw	ra,88(sp)
 39e:	4456                	lw	s0,84(sp)
 3a0:	4552                	lw	a0,20(sp)
 3a2:	44c6                	lw	s1,80(sp)
 3a4:	05c10113          	addi	sp,sp,92
 3a8:	8082                	ret
		if (ch!='%') {
 3aa:	02500693          	li	a3,37
 3ae:	00d70963          	beq	a4,a3,3c0 <mini_vpprintf+0x4a>
 3b2:	c23e                	sw	a5,4(sp)
	while ((ch=*(fmt++))) {
 3b4:	0405                	addi	s0,s0,1
					len = puts(&ch, len, buf);
 3b6:	4602                	lw	a2,0(sp)
 3b8:	4585                	li	a1,1
 3ba:	01f10513          	addi	a0,sp,31
 3be:	a8f5                	j	4ba <mini_vpprintf+0x144>
			ch=*(fmt++);
 3c0:	00144703          	lbu	a4,1(s0)
			if (ch == '0') pad_char = '0';
 3c4:	03000613          	li	a2,48
			ch=*(fmt++);
 3c8:	00240693          	addi	a3,s0,2
 3cc:	00e10fa3          	sb	a4,31(sp)
			if (ch == '0') pad_char = '0';
 3d0:	c43a                	sw	a4,8(sp)
 3d2:	06c71d63          	bne	a4,a2,44c <mini_vpprintf+0xd6>
			char pad_char = ' ';
 3d6:	8436                	mv	s0,a3
 3d8:	4601                	li	a2,0
 3da:	4681                	li	a3,0
			while (ch >= '0' && ch <= '9') {
 3dc:	4525                	li	a0,9
 3de:	a819                	j	3f4 <mini_vpprintf+0x7e>
				pad_to = pad_to * 10 + (ch - '0');
 3e0:	00269713          	slli	a4,a3,0x2
 3e4:	9736                	add	a4,a4,a3
 3e6:	0706                	slli	a4,a4,0x1
				ch=*(fmt++);
 3e8:	0405                	addi	s0,s0,1
				pad_to = pad_to * 10 + (ch - '0');
 3ea:	00e586b3          	add	a3,a1,a4
				ch=*(fmt++);
 3ee:	fff44703          	lbu	a4,-1(s0)
 3f2:	4605                	li	a2,1
			while (ch >= '0' && ch <= '9') {
 3f4:	fd070593          	addi	a1,a4,-48
 3f8:	0ff5f313          	zext.b	t1,a1
 3fc:	fe6572e3          	bgeu	a0,t1,3e0 <mini_vpprintf+0x6a>
 400:	c219                	beqz	a2,406 <mini_vpprintf+0x90>
 402:	00e10fa3          	sb	a4,31(sp)
			if(pad_to > (signed int) sizeof(bf)) {
 406:	c636                	sw	a3,12(sp)
 408:	4661                	li	a2,24
 40a:	00d65363          	bge	a2,a3,410 <mini_vpprintf+0x9a>
 40e:	c632                	sw	a2,12(sp)
			if (ch == 'l') {
 410:	06c00613          	li	a2,108
			char l = 0;
 414:	4581                	li	a1,0
			if (ch == 'l') {
 416:	00c71863          	bne	a4,a2,426 <mini_vpprintf+0xb0>
				ch=*(fmt++);
 41a:	00044703          	lbu	a4,0(s0)
				l = 1;
 41e:	4585                	li	a1,1
				ch=*(fmt++);
 420:	0405                	addi	s0,s0,1
 422:	00e10fa3          	sb	a4,31(sp)
			switch (ch) {
 426:	01f14603          	lbu	a2,31(sp)
 42a:	06400713          	li	a4,100
 42e:	06e60063          	beq	a2,a4,48e <mini_vpprintf+0x118>
 432:	02c76163          	bltu	a4,a2,454 <mini_vpprintf+0xde>
 436:	05800713          	li	a4,88
 43a:	0ae60063          	beq	a2,a4,4da <mini_vpprintf+0x164>
 43e:	06300713          	li	a4,99
 442:	0ae60d63          	beq	a2,a4,4fc <mini_vpprintf+0x186>
 446:	da39                	beqz	a2,39c <mini_vpprintf+0x26>
 448:	c23e                	sw	a5,4(sp)
 44a:	b7b5                	j	3b6 <mini_vpprintf+0x40>
			char pad_char = ' ';
 44c:	02000613          	li	a2,32
 450:	c432                	sw	a2,8(sp)
 452:	b751                	j	3d6 <mini_vpprintf+0x60>
			switch (ch) {
 454:	07500713          	li	a4,117
 458:	02e60b63          	beq	a2,a4,48e <mini_vpprintf+0x118>
 45c:	07800713          	li	a4,120
 460:	06e60d63          	beq	a2,a4,4da <mini_vpprintf+0x164>
 464:	07300713          	li	a4,115
 468:	fee610e3          	bne	a2,a4,448 <mini_vpprintf+0xd2>
					ptr = va_arg(va, char*);
 46c:	00478713          	addi	a4,a5,4
 470:	439c                	lw	a5,0(a5)
 472:	cc36                	sw	a3,24(sp)
 474:	c23a                	sw	a4,4(sp)
					len = mini_strlen(ptr);
 476:	853e                	mv	a0,a5
					ptr = va_arg(va, char*);
 478:	c83e                	sw	a5,16(sp)
					len = mini_strlen(ptr);
 47a:	35ed                	jal	364 <strlen>
					if (pad_to > 0) {
 47c:	46e2                	lw	a3,24(sp)
					len = mini_strlen(ptr);
 47e:	85aa                	mv	a1,a0
					if (pad_to > 0) {
 480:	08d05b63          	blez	a3,516 <mini_vpprintf+0x1a0>
						len = mini_pad(ptr, len, pad_char, pad_to, bf);
 484:	46b2                	lw	a3,12(sp)
 486:	4622                	lw	a2,8(sp)
 488:	4542                	lw	a0,16(sp)
 48a:	1018                	addi	a4,sp,32
 48c:	a01d                	j	4b2 <mini_vpprintf+0x13c>
						len = mini_itoa(va_arg(va, unsigned long), 10, 0, (ch=='u'), bf2);
 48e:	00478713          	addi	a4,a5,4
 492:	c23a                	sw	a4,4(sp)
					if(l) {
 494:	c98d                	beqz	a1,4c6 <mini_vpprintf+0x150>
						len = mini_itoa(va_arg(va, unsigned long), 10, 0, (ch=='u'), bf2);
 496:	f8b60613          	addi	a2,a2,-117
 49a:	1838                	addi	a4,sp,56
 49c:	00163693          	seqz	a3,a2
 4a0:	4388                	lw	a0,0(a5)
 4a2:	4601                	li	a2,0
 4a4:	45a9                	li	a1,10
 4a6:	3b25                	jal	1de <mini_itoa.part.0>
					len = mini_pad(bf2, len, pad_char, pad_to, bf);
 4a8:	46b2                	lw	a3,12(sp)
 4aa:	4622                	lw	a2,8(sp)
 4ac:	1018                	addi	a4,sp,32
 4ae:	85aa                	mv	a1,a0
 4b0:	1828                	addi	a0,sp,56
						len = mini_pad(ptr, len, pad_char, pad_to, bf);
 4b2:	31b5                	jal	11e <mini_pad>
						len = puts(bf, len, buf);
 4b4:	4602                	lw	a2,0(sp)
						len = mini_pad(ptr, len, pad_char, pad_to, bf);
 4b6:	85aa                	mv	a1,a0
						len = puts(bf, len, buf);
 4b8:	1008                	addi	a0,sp,32
					len = puts(&ch, len, buf);
 4ba:	9482                	jalr	s1
		n = n + len;
 4bc:	47d2                	lw	a5,20(sp)
 4be:	97aa                	add	a5,a5,a0
 4c0:	ca3e                	sw	a5,20(sp)
 4c2:	4792                	lw	a5,4(sp)
 4c4:	b5f9                	j	392 <mini_vpprintf+0x1c>
						if(ch == 'u') {
 4c6:	07500713          	li	a4,117
 4ca:	00e61563          	bne	a2,a4,4d4 <mini_vpprintf+0x15e>
	if (radix > 16)
 4ce:	1838                	addi	a4,sp,56
 4d0:	4685                	li	a3,1
 4d2:	b7f9                	j	4a0 <mini_vpprintf+0x12a>
 4d4:	1838                	addi	a4,sp,56
 4d6:	4681                	li	a3,0
 4d8:	b7e1                	j	4a0 <mini_vpprintf+0x12a>
						len = mini_itoa(va_arg(va, unsigned long), 10, 0, (ch=='u'), bf2);
 4da:	00478713          	addi	a4,a5,4
 4de:	c23a                	sw	a4,4(sp)
 4e0:	4388                	lw	a0,0(a5)
						len = mini_itoa(va_arg(va, unsigned long), 16, (ch=='X'), 1, bf2);
 4e2:	fa860613          	addi	a2,a2,-88
 4e6:	00163613          	seqz	a2,a2
 4ea:	1838                	addi	a4,sp,56
 4ec:	4685                	li	a3,1
	if (radix > 16)
 4ee:	45c1                	li	a1,16
 4f0:	31fd                	jal	1de <mini_itoa.part.0>
					len = mini_pad(bf2, len, pad_char, pad_to, bf);
 4f2:	46b2                	lw	a3,12(sp)
 4f4:	4622                	lw	a2,8(sp)
 4f6:	85aa                	mv	a1,a0
 4f8:	1018                	addi	a4,sp,32
 4fa:	bf5d                	j	4b0 <mini_vpprintf+0x13a>
					ch = (char)(va_arg(va, int));
 4fc:	00478713          	addi	a4,a5,4
 500:	439c                	lw	a5,0(a5)
 502:	c23a                	sw	a4,4(sp)
					len = mini_pad(&ch, 1, pad_char, pad_to, bf);
 504:	46b2                	lw	a3,12(sp)
 506:	4622                	lw	a2,8(sp)
					ch = (char)(va_arg(va, int));
 508:	00f10fa3          	sb	a5,31(sp)
					len = mini_pad(&ch, 1, pad_char, pad_to, bf);
 50c:	1018                	addi	a4,sp,32
 50e:	4585                	li	a1,1
 510:	01f10513          	addi	a0,sp,31
 514:	bf79                	j	4b2 <mini_vpprintf+0x13c>
						len = puts(ptr, len, buf);
 516:	4602                	lw	a2,0(sp)
 518:	4542                	lw	a0,16(sp)
 51a:	b745                	j	4ba <mini_vpprintf+0x144>

0000051c <printf>:
{
 51c:	1111                	addi	sp,sp,-28
 51e:	c632                	sw	a2,12(sp)
	int ret_status = mini_vpprintf(__puts_uart, 0, format, args);
 520:	862a                	mv	a2,a0
{
 522:	c42e                	sw	a1,8(sp)
 524:	c836                	sw	a3,16(sp)
	int ret_status = mini_vpprintf(__puts_uart, 0, format, args);
 526:	4581                	li	a1,0
	va_start( args, format );
 528:	0034                	addi	a3,sp,8
	int ret_status = mini_vpprintf(__puts_uart, 0, format, args);
 52a:	6a400513          	li	a0,1700
{
 52e:	c206                	sw	ra,4(sp)
 530:	ca3a                	sw	a4,20(sp)
 532:	cc3e                	sw	a5,24(sp)
	va_start( args, format );
 534:	c036                	sw	a3,0(sp)
	int ret_status = mini_vpprintf(__puts_uart, 0, format, args);
 536:	3581                	jal	376 <mini_vpprintf>
}
 538:	4092                	lw	ra,4(sp)
 53a:	0171                	addi	sp,sp,28
 53c:	8082                	ret

0000053e <PrintHex>:
	while( (*DMDATA0) & 0x80 );
 53e:	e00007b7          	lui	a5,0xe0000
 542:	0f478793          	addi	a5,a5,244 # e00000f4 <_eusrstack+0xbffff8f4>
 546:	4398                	lw	a4,0(a5)
 548:	08077713          	andi	a4,a4,128
 54c:	ff6d                	bnez	a4,546 <PrintHex+0x8>
	*DMDATA0 = 0x78302088; //" 0x"
 54e:	78302737          	lui	a4,0x78302
 552:	08870713          	addi	a4,a4,136 # 78302088 <_eusrstack+0x58301888>
		while( (*DMDATA0) & 0x80 );
 556:	e00006b7          	lui	a3,0xe0000
	*DMDATA0 = 0x78302088; //" 0x"
 55a:	c398                	sw	a4,0(a5)
		while( (*DMDATA0) & 0x80 );
 55c:	0f468693          	addi	a3,a3,244 # e00000f4 <_eusrstack+0xbffff8f4>
	for( shift = 28; shift >= 0; shift -= 4 )
 560:	4771                	li	a4,28
		s += ( s < 10 ) ? '0' : ('a' - 10);
 562:	45a5                	li	a1,9
	for( shift = 28; shift >= 0; shift -= 4 )
 564:	5671                	li	a2,-4
		while( (*DMDATA0) & 0x80 );
 566:	429c                	lw	a5,0(a3)
 568:	0807f793          	andi	a5,a5,128
 56c:	ffed                	bnez	a5,566 <PrintHex+0x28>
		int s = (n>>shift) & 0xf;
 56e:	00e55333          	srl	t1,a0,a4
 572:	00f37313          	andi	t1,t1,15
		s += ( s < 10 ) ? '0' : ('a' - 10);
 576:	0065b7b3          	sltu	a5,a1,t1
 57a:	40f007b3          	neg	a5,a5
 57e:	0277f793          	andi	a5,a5,39
 582:	03078793          	addi	a5,a5,48
 586:	979a                	add	a5,a5,t1
		*DMDATA0 = 0x85 | (s<<8); //" 0x"
 588:	07a2                	slli	a5,a5,0x8
 58a:	0857e793          	ori	a5,a5,133
 58e:	c29c                	sw	a5,0(a3)
	for( shift = 28; shift >= 0; shift -= 4 )
 590:	1771                	addi	a4,a4,-4
 592:	fcc71ae3          	bne	a4,a2,566 <PrintHex+0x28>
}
 596:	8082                	ret

00000598 <handle_debug_input>:
}
#endif

#if defined( FUNCONF_USE_DEBUGPRINTF ) && FUNCONF_USE_DEBUGPRINTF
void handle_debug_input( int numbytes, uint8_t * data ) __attribute__((weak));
void handle_debug_input( int numbytes, uint8_t * data ) { (void)numbytes; (void)data; }
 598:	8082                	ret

0000059a <internal_handle_input.constprop.0>:

static void internal_handle_input( volatile uint32_t * dmdata0 )
{
	uint32_t dmd0 = *dmdata0;
 59a:	e00007b7          	lui	a5,0xe0000
 59e:	0f47a503          	lw	a0,244(a5) # e00000f4 <_eusrstack+0xbffff8f4>
	int bytes = (dmd0 & 0x3f) - 4;
	if( bytes > 0 && bytes < 16 )
 5a2:	47b9                	li	a5,14
	int bytes = (dmd0 & 0x3f) - 4;
 5a4:	03f57513          	andi	a0,a0,63
	if( bytes > 0 && bytes < 16 )
 5a8:	ffb50713          	addi	a4,a0,-5
 5ac:	00e7e863          	bltu	a5,a4,5bc <internal_handle_input.constprop.0+0x22>
	{
		handle_debug_input( bytes, ((uint8_t*)dmdata0) + 1 );
 5b0:	e00005b7          	lui	a1,0xe0000
 5b4:	0f558593          	addi	a1,a1,245 # e00000f5 <_eusrstack+0xbffff8f5>
 5b8:	1571                	addi	a0,a0,-4
 5ba:	bff9                	j	598 <handle_debug_input>
	}
}
 5bc:	8082                	ret

000005be <_write>:
//     status word = 0xcx = timed out.
// declare as weak to allow overriding.
WEAK int _write(int fd, const char *buf, int size)
{
	(void)fd;
	if( ( *DMDATA0 & 0xc0 ) == 0xc0 ) return 0;
 5be:	e00007b7          	lui	a5,0xe0000
 5c2:	0f478793          	addi	a5,a5,244 # e00000f4 <_eusrstack+0xbffff8f4>
 5c6:	4398                	lw	a4,0(a5)
 5c8:	0c000693          	li	a3,192
 5cc:	0c077713          	andi	a4,a4,192
 5d0:	0cd70863          	beq	a4,a3,6a0 <_write+0xe2>
{
 5d4:	1121                	addi	sp,sp,-24
 5d6:	ca06                	sw	ra,20(sp)
 5d8:	c822                	sw	s0,16(sp)
 5da:	c626                	sw	s1,12(sp)

	char buffer[4] = { 0 };
 5dc:	c402                	sw	zero,8(sp)
 5de:	8532                	mv	a0,a2
	int place = 0;
	uint32_t lastdmd;
	uint32_t timeout = FUNCONF_DEBUGPRINTF_TIMEOUT; // Give up after ~120ms

	if( size == 0 )
 5e0:	ee55                	bnez	a2,69c <_write+0xde>
	{
		lastdmd = (*DMDATA0);
 5e2:	439c                	lw	a5,0(a5)
		if( lastdmd && !(lastdmd&0x80) ) internal_handle_input( (uint32_t*)DMDATA0 );
 5e4:	c789                	beqz	a5,5ee <_write+0x30>
 5e6:	0807f793          	andi	a5,a5,128
 5ea:	e391                	bnez	a5,5ee <_write+0x30>
 5ec:	377d                	jal	59a <internal_handle_input.constprop.0>
	if( ( *DMDATA0 & 0xc0 ) == 0xc0 ) return 0;
 5ee:	4501                	li	a0,0

		//buf += tosend;
		place += tosend;
	}
	return size;
}
 5f0:	40d2                	lw	ra,20(sp)
 5f2:	4442                	lw	s0,16(sp)
 5f4:	44b2                	lw	s1,12(sp)
 5f6:	0161                	addi	sp,sp,24
 5f8:	8082                	ret
			if( timeout-- == 0 )
 5fa:	177d                	addi	a4,a4,-1
 5fc:	ef09                	bnez	a4,616 <_write+0x58>
				*DMDATA0 |= 0xc0;
 5fe:	4398                	lw	a4,0(a5)
 600:	0c076713          	ori	a4,a4,192
 604:	c398                	sw	a4,0(a5)
				return 0;
 606:	b7e5                	j	5ee <_write+0x30>
 608:	00100737          	lui	a4,0x100
		while( ( lastdmd = (*DMDATA0) ) & 0x80 )
 60c:	e00007b7          	lui	a5,0xe0000
 610:	0705                	addi	a4,a4,1 # 100001 <_data_lma+0xff7c1>
 612:	0f478793          	addi	a5,a5,244 # e00000f4 <_eusrstack+0xbffff8f4>
 616:	4394                	lw	a3,0(a5)
 618:	0806f613          	andi	a2,a3,128
 61c:	fe79                	bnez	a2,5fa <_write+0x3c>
		int tosend = size - place;
 61e:	408504b3          	sub	s1,a0,s0
		if( tosend > 7 ) tosend = 7;
 622:	479d                	li	a5,7
 624:	0097d363          	bge	a5,s1,62a <_write+0x6c>
 628:	84be                	mv	s1,a5
		if( lastdmd ) internal_handle_input( (uint32_t*)DMDATA0 );
 62a:	c691                	beqz	a3,636 <_write+0x78>
 62c:	c22e                	sw	a1,4(sp)
 62e:	c02a                	sw	a0,0(sp)
 630:	37ad                	jal	59a <internal_handle_input.constprop.0>
 632:	4592                	lw	a1,4(sp)
 634:	4502                	lw	a0,0(sp)
 636:	0038                	addi	a4,sp,8
 638:	478d                	li	a5,3
 63a:	863a                	mv	a2,a4
		while( t < tosend )
 63c:	0497c663          	blt	a5,s1,688 <_write+0xca>
		*DMDATA1 = *(uint32_t*)&(buffer[0]);
 640:	4722                	lw	a4,8(sp)
 642:	e00007b7          	lui	a5,0xe0000
 646:	0ee7ac23          	sw	a4,248(a5) # e00000f8 <_eusrstack+0xbffff8f8>
		while( t < tosend && t < 3 )
 64a:	00858733          	add	a4,a1,s0
		t = 0;
 64e:	4781                	li	a5,0
			buffer[t+1] = buf[t+place];
 650:	00074303          	lbu	t1,0(a4)
 654:	0785                	addi	a5,a5,1
 656:	00f606b3          	add	a3,a2,a5
 65a:	00668023          	sb	t1,0(a3)
		while( t < tosend && t < 3 )
 65e:	0705                	addi	a4,a4,1
 660:	0097d563          	bge	a5,s1,66a <_write+0xac>
 664:	ffd78693          	addi	a3,a5,-3
 668:	f6e5                	bnez	a3,650 <_write+0x92>
		buffer[0] = 0x80 | (tosend + 4);
 66a:	00448793          	addi	a5,s1,4
 66e:	f807e793          	ori	a5,a5,-128
 672:	00f10423          	sb	a5,8(sp)
		*DMDATA0 = *(uint32_t*)&(buffer[0]);
 676:	4722                	lw	a4,8(sp)
 678:	e00007b7          	lui	a5,0xe0000
		place += tosend;
 67c:	9426                	add	s0,s0,s1
		*DMDATA0 = *(uint32_t*)&(buffer[0]);
 67e:	0ee7aa23          	sw	a4,244(a5) # e00000f4 <_eusrstack+0xbffff8f4>
	while( place < size )
 682:	f8a443e3          	blt	s0,a0,608 <_write+0x4a>
 686:	b7ad                	j	5f0 <_write+0x32>
			buffer[t-3] = buf[t+place];
 688:	00f406b3          	add	a3,s0,a5
 68c:	96ae                	add	a3,a3,a1
 68e:	0006c683          	lbu	a3,0(a3)
			t++;
 692:	0785                	addi	a5,a5,1
 694:	0705                	addi	a4,a4,1
			buffer[t-3] = buf[t+place];
 696:	fed70fa3          	sb	a3,-1(a4)
			t++;
 69a:	b74d                	j	63c <_write+0x7e>
 69c:	4401                	li	s0,0
 69e:	b7d5                	j	682 <_write+0xc4>
	if( ( *DMDATA0 & 0xc0 ) == 0xc0 ) return 0;
 6a0:	4501                	li	a0,0
}
 6a2:	8082                	ret

000006a4 <__puts_uart>:
{
 6a4:	1161                	addi	sp,sp,-8
 6a6:	c022                	sw	s0,0(sp)
	_write( 0, s, len );
 6a8:	862e                	mv	a2,a1
{
 6aa:	842e                	mv	s0,a1
	_write( 0, s, len );
 6ac:	85aa                	mv	a1,a0
 6ae:	4501                	li	a0,0
{
 6b0:	c206                	sw	ra,4(sp)
	_write( 0, s, len );
 6b2:	3731                	jal	5be <_write>
}
 6b4:	4092                	lw	ra,4(sp)
 6b6:	8522                	mv	a0,s0
 6b8:	4402                	lw	s0,0(sp)
 6ba:	0121                	addi	sp,sp,8
 6bc:	8082                	ret

000006be <puts>:
{
 6be:	1151                	addi	sp,sp,-12
 6c0:	c406                	sw	ra,8(sp)
 6c2:	c222                	sw	s0,4(sp)
 6c4:	c02a                	sw	a0,0(sp)
	int sl = strlen( s );
 6c6:	3979                	jal	364 <strlen>
	_write(0, s, sl );
 6c8:	4582                	lw	a1,0(sp)
	int sl = strlen( s );
 6ca:	842a                	mv	s0,a0
	_write(0, s, sl );
 6cc:	862a                	mv	a2,a0
 6ce:	4501                	li	a0,0
 6d0:	35fd                	jal	5be <_write>
	_write(0, "\n", 1 );
 6d2:	6585                	lui	a1,0x1
 6d4:	4605                	li	a2,1
 6d6:	83c58593          	addi	a1,a1,-1988 # 83c <main+0xea>
 6da:	4501                	li	a0,0
 6dc:	35cd                	jal	5be <_write>
}
 6de:	40a2                	lw	ra,8(sp)
 6e0:	00140513          	addi	a0,s0,1
 6e4:	4412                	lw	s0,4(sp)
 6e6:	0131                	addi	sp,sp,12
 6e8:	8082                	ret

000006ea <SetupDebugPrintf>:
}

void SetupDebugPrintf( void )
{
	// Clear out the sending flag.
	*DMDATA1 = 0x00;
 6ea:	e00007b7          	lui	a5,0xe0000
 6ee:	0e07ac23          	sw	zero,248(a5) # e00000f8 <_eusrstack+0xbffff8f8>
	*DMDATA0 = 0x80;
 6f2:	08000713          	li	a4,128
 6f6:	0ee7aa23          	sw	a4,244(a5)
}
 6fa:	8082                	ret

000006fc <DelaySysTick>:
#endif

void DelaySysTick( uint32_t n )
{
#if defined(CH32V003) || defined(CH32V00x)
	uint32_t targend = SysTick->CNT + n;
 6fc:	e000f737          	lui	a4,0xe000f
 700:	471c                	lw	a5,8(a4)
 702:	953e                	add	a0,a0,a5
	while( ((int32_t)( SysTick->CNT - targend )) < 0 );
 704:	471c                	lw	a5,8(a4)
 706:	8f89                	sub	a5,a5,a0
 708:	fe07cee3          	bltz	a5,704 <DelaySysTick+0x8>
	uint64_t targend = SysTick->CNT - n;
	while( ((int64_t)( SysTick->CNT - targend )) > 0 );
#else
	#error DelaySysTick not defined.
#endif
}
 70c:	8082                	ret

0000070e <SystemInit>:
//#define BASE_CTLR	(((FUNCONF_HSITRIM) << 3) | HSEBYP | RCC_CSS)	// disable HSI in HSE modes

	// Flash latency settings.
#if defined(CH32V003)
	#if FUNCONF_SYSTEM_CORE_CLOCK > 25000000
		FLASH->ACTLR = FLASH_ACTLR_LATENCY_1;               // +1 Cycle Latency
 70e:	400227b7          	lui	a5,0x40022
 712:	4705                	li	a4,1
 714:	c398                	sw	a4,0(a5)
#elif defined(FUNCONF_USE_HSI) && FUNCONF_USE_HSI
	#if defined(CH32V30x) || defined(CH32V20x) || defined(CH32L103) || defined(CH32V10x)
		EXTEN->EXTEN_CTR |= EXTEN_PLL_HSI_PRE;
	#endif
	#if defined(FUNCONF_USE_PLL) && FUNCONF_USE_PLL
		RCC->CFGR0 = BASE_CFGR0;
 716:	400217b7          	lui	a5,0x40021
		RCC->CTLR  = BASE_CTLR | RCC_HSION | RCC_PLLON; 			// Use HSI, enable PLL.
 71a:	01080737          	lui	a4,0x1080
		RCC->CFGR0 = BASE_CFGR0;
 71e:	0007a223          	sw	zero,4(a5) # 40021004 <_eusrstack+0x20020804>
		RCC->CTLR  = BASE_CTLR | RCC_HSION | RCC_PLLON; 			// Use HSI, enable PLL.
 722:	08170713          	addi	a4,a4,129 # 1080081 <_data_lma+0x107f841>
 726:	c398                	sw	a4,0(a5)
		FLASH->ACTLR = FLASH_ACTLR_LATENCY_0;
	#endif
#endif

#ifndef CH5xx
	RCC->INTR  = 0x009F0000;                               // Clear PLL, CSSC, HSE, HSI and LSI ready flags.
 728:	009f0737          	lui	a4,0x9f0
 72c:	c798                	sw	a4,8(a5)
#endif

#if defined(FUNCONF_USE_PLL) && FUNCONF_USE_PLL && !defined(CH5xx)
	while((RCC->CTLR & RCC_PLLRDY) == 0) {};                       	// Wait till PLL is ready
 72e:	4398                	lw	a4,0(a5)
 730:	00671693          	slli	a3,a4,0x6
 734:	fe06dde3          	bgez	a3,72e <SystemInit+0x20>
	#if defined(CH32H41x)
		RCC->PLLCFGR |= RCC_SYSPLL_GATE;
	#endif
	uint32_t tmp32 = RCC->CFGR0 & ~(0x03);							// clr the SW
 738:	43d8                	lw	a4,4(a5)
	RCC->CFGR0 = tmp32 | RCC_SW_PLL;                       			// Select PLL as system clock source
	while ((RCC->CFGR0 & (uint32_t)RCC_SWS) != (uint32_t)0x08); 	// Wait till PLL is used as system clock source
 73a:	400216b7          	lui	a3,0x40021
	uint32_t tmp32 = RCC->CFGR0 & ~(0x03);							// clr the SW
 73e:	9b71                	andi	a4,a4,-4
	RCC->CFGR0 = tmp32 | RCC_SW_PLL;                       			// Select PLL as system clock source
 740:	00276713          	ori	a4,a4,2
 744:	c3d8                	sw	a4,4(a5)
	while ((RCC->CFGR0 & (uint32_t)RCC_SWS) != (uint32_t)0x08); 	// Wait till PLL is used as system clock source
 746:	4721                	li	a4,8
 748:	42dc                	lw	a5,4(a3)
 74a:	8bb1                	andi	a5,a5,12
 74c:	fee79ee3          	bne	a5,a4,748 <SystemInit+0x3a>

#if defined( FUNCONF_USE_UARTPRINTF ) && FUNCONF_USE_UARTPRINTF
	SetupUART( UART_BRR );
#endif
#if defined( FUNCONF_USE_DEBUGPRINTF ) && FUNCONF_USE_DEBUGPRINTF
	SetupDebugPrintf();
 750:	bf69                	j	6ea <SetupDebugPrintf>

00000752 <main>:
        Delay_Ms(BLINK_MS);
    }
}

int main(void)
{
 752:	1151                	addi	sp,sp,-12
 754:	c406                	sw	ra,8(sp)
 756:	c222                	sw	s0,4(sp)
 758:	c026                	sw	s1,0(sp)
    SystemInit();
 75a:	3f55                	jal	70e <SystemInit>

    RCC->APB2PCENR |= RCC_APB2Periph_GPIOD | RCC_APB2Periph_AFIO;
 75c:	40021737          	lui	a4,0x40021
 760:	4f1c                	lw	a5,24(a4)

    // 横幅刻意短: 无主机时每个丢弃包阻塞约 200ms, 太长会推迟武装检测
    printf("\nPD1 LED fw, SDI open, arm to blink\n");
 762:	6505                	lui	a0,0x1
 764:	81050513          	addi	a0,a0,-2032 # 810 <main+0xbe>
    RCC->APB2PCENR |= RCC_APB2Periph_GPIOD | RCC_APB2Periph_AFIO;
 768:	0217e793          	ori	a5,a5,33
 76c:	cf1c                	sw	a5,24(a4)
    printf("\nPD1 LED fw, SDI open, arm to blink\n");
 76e:	3f81                	jal	6be <puts>

    // 每 2 秒发一次心跳, 让随时接入的监视器在 2 秒内看到输出
    // (启动横幅若在无主机时打印会被丢弃, 不能只靠横幅)
    uint32_t tick = 0;
    uint32_t beats = 0;
 770:	4401                	li	s0,0
 772:	06400493          	li	s1,100
    for (;;)
    {
        if ((ARM_MAILBOX0 == ARM_KEY0) && (ARM_MAILBOX1 == ARM_KEY1))
 776:	200007b7          	lui	a5,0x20000
 77a:	7007a703          	lw	a4,1792(a5) # 20000700 <__global_pointer$+0x304>
 77e:	574357b7          	lui	a5,0x57435
 782:	83178793          	addi	a5,a5,-1999 # 57434831 <_eusrstack+0x37434031>
 786:	06f71763          	bne	a4,a5,7f4 <main+0xa2>
 78a:	200007b7          	lui	a5,0x20000
 78e:	7047a703          	lw	a4,1796(a5) # 20000704 <__global_pointer$+0x308>
 792:	4c4547b7          	lui	a5,0x4c454
 796:	43178793          	addi	a5,a5,1073 # 4c454431 <_eusrstack+0x2c453c31>
 79a:	04f71d63          	bne	a4,a5,7f4 <main+0xa2>
    AFIO->PCFR1 = (AFIO->PCFR1 & ~AFIO_SWCFG_MASK) | AFIO_SWCFG_SWD_OFF;
 79e:	400106b7          	lui	a3,0x40010
 7a2:	42dc                	lw	a5,4(a3)
 7a4:	f9000737          	lui	a4,0xf9000
 7a8:	177d                	addi	a4,a4,-1 # f8ffffff <_eusrstack+0xd8fff7ff>
 7aa:	8ff9                	and	a5,a5,a4
 7ac:	04000737          	lui	a4,0x4000
 7b0:	8fd9                	or	a5,a5,a4
 7b2:	c2dc                	sw	a5,4(a3)
    GPIOD->CFGLR &= ~(0xFu << sh);
 7b4:	400117b7          	lui	a5,0x40011
 7b8:	40078793          	addi	a5,a5,1024 # 40011400 <_eusrstack+0x20010c00>
 7bc:	4398                	lw	a4,0(a5)
 7be:	f0f77713          	andi	a4,a4,-241
 7c2:	c398                	sw	a4,0(a5)
    GPIOD->CFGLR |= (uint32_t)(GPIO_Speed_10MHz | GPIO_CNF_OUT_PP) << sh;
 7c4:	4398                	lw	a4,0(a5)
 7c6:	01076713          	ori	a4,a4,16
 7ca:	c398                	sw	a4,0(a5)
    GPIOD->BCR = mask;   // 先低 (红灯灭)
 7cc:	4709                	li	a4,2
 7ce:	cbd8                	sw	a4,20(a5)
        GPIOD->BSHR = mask;   // 高 -> 红灯亮
 7d0:	40011437          	lui	s0,0x40011
 7d4:	40040413          	addi	s0,s0,1024 # 40011400 <_eusrstack+0x20010c00>
 7d8:	4489                	li	s1,2
        Delay_Ms(BLINK_MS);
 7da:	002dc537          	lui	a0,0x2dc
        GPIOD->BSHR = mask;   // 高 -> 红灯亮
 7de:	c804                	sw	s1,16(s0)
        Delay_Ms(BLINK_MS);
 7e0:	6c050513          	addi	a0,a0,1728 # 2dc6c0 <_data_lma+0x2dbe80>
 7e4:	3f21                	jal	6fc <DelaySysTick>
        Delay_Ms(BLINK_MS);
 7e6:	002dc537          	lui	a0,0x2dc
        GPIOD->BCR  = mask;   // 低 -> 红灯灭
 7ea:	c844                	sw	s1,20(s0)
        Delay_Ms(BLINK_MS);
 7ec:	6c050513          	addi	a0,a0,1728 # 2dc6c0 <_data_lma+0x2dbe80>
 7f0:	3731                	jal	6fc <DelaySysTick>
    for (;;)
 7f2:	bff9                	j	7d0 <main+0x7e>
            enter_led_mode();   // 不返回
        Delay_Ms(20);
 7f4:	6575                	lui	a0,0x1d
 7f6:	4c050513          	addi	a0,a0,1216 # 1d4c0 <_data_lma+0x1cc80>
        if (++tick >= 100)      // 100 x 20ms = 2s
 7fa:	14fd                	addi	s1,s1,-1
        Delay_Ms(20);
 7fc:	3701                	jal	6fc <DelaySysTick>
        if (++tick >= 100)      // 100 x 20ms = 2s
 7fe:	fca5                	bnez	s1,776 <main+0x24>
        {
            tick = 0;
            printf("alive %u\n", (unsigned)(++beats));
 800:	0405                	addi	s0,s0,1
 802:	6505                	lui	a0,0x1
 804:	85a2                	mv	a1,s0
 806:	83450513          	addi	a0,a0,-1996 # 834 <main+0xe2>
 80a:	3b09                	jal	51c <printf>
 80c:	b79d                	j	772 <main+0x20>
 80e:	0000                	unimp
 810:	500a                	.insn	2, 0x500a
 812:	3144                	.insn	2, 0x3144
 814:	4c20                	lw	s0,88(s0)
 816:	4445                	li	s0,17
 818:	6620                	.insn	2, 0x6620
 81a:	53202c77          	.insn	4, 0x53202c77
 81e:	4944                	lw	s1,20(a0)
 820:	6f20                	.insn	2, 0x6f20
 822:	6570                	.insn	2, 0x6570
 824:	2c6e                	.insn	2, 0x2c6e
 826:	6120                	.insn	2, 0x6120
 828:	6d72                	.insn	2, 0x6d72
 82a:	7420                	.insn	2, 0x7420
 82c:	6c62206f          	j	22ef2 <_data_lma+0x226b2>
 830:	6e69                	lui	t3,0x1a
 832:	6c61006b          	.insn	4, 0x6c61006b
 836:	7669                	lui	a2,0xffffa
 838:	2065                	jal	8e0 <_data_lma+0xa0>
 83a:	7525                	lui	a0,0xfffe9
 83c:	000a                	c.slli	zero,0x2
	...
